<?php return array (
  0 => 'Symfony\\Bundle\\FrameworkBundle\\Controller\\AbstractController',
  1 => 'App\\Controller\\AdminDashboradController',
  2 => 'App\\Controller\\HomeController',
  3 => 'App\\Controller\\ProductController',
  4 => 'App\\Controller\\RedirectController',
  5 => 'App\\Controller\\TeamHomeController',
  6 => 'App\\Entity\\Event',
  7 => 'App\\Entity\\Matche',
  8 => 'App\\Entity\\Order',
  9 => 'App\\Entity\\Panier',
  10 => 'App\\Entity\\Product',
  11 => 'App\\Entity\\Ranking',
  12 => 'App\\Entity\\Reclamation',
  13 => 'App\\Entity\\Team',
  14 => 'App\\Entity\\Tournoi',
  15 => 'App\\Entity\\User',
  16 => 'Doctrine\\Bundle\\DoctrineBundle\\Controller\\ProfilerController',
  17 => 'Doctrine\\ORM\\Cache\\Persister\\Entity\\AbstractEntityPersister',
  18 => 'Doctrine\\ORM\\Cache\\Persister\\Entity\\CachedEntityPersister',
  19 => 'Doctrine\\ORM\\Cache\\Persister\\Entity\\NonStrictReadWriteCachedEntityPersister',
  20 => 'Doctrine\\ORM\\Cache\\Persister\\Entity\\ReadOnlyCachedEntityPersister',
  21 => 'Doctrine\\ORM\\Cache\\Persister\\Entity\\ReadWriteCachedEntityPersister',
  22 => 'Doctrine\\ORM\\Persisters\\Entity\\AbstractEntityInheritancePersister',
  23 => 'Doctrine\\ORM\\Persisters\\Entity\\BasicEntityPersister',
  24 => 'Doctrine\\ORM\\Persisters\\Entity\\CachedPersisterContext',
  25 => 'Doctrine\\ORM\\Persisters\\Entity\\EntityPersister',
  26 => 'Doctrine\\ORM\\Persisters\\Entity\\JoinedSubclassPersister',
  27 => 'Doctrine\\ORM\\Persisters\\Entity\\SingleTablePersister',
  28 => 'EasyCorp\\Bundle\\EasyAdminBundle\\Contracts\\Controller\\CrudControllerInterface',
  29 => 'EasyCorp\\Bundle\\EasyAdminBundle\\Contracts\\Controller\\DashboardControllerInterface',
  30 => 'EasyCorp\\Bundle\\EasyAdminBundle\\Controller\\AbstractCrudController',
  31 => 'EasyCorp\\Bundle\\EasyAdminBundle\\Controller\\AbstractDashboardController',
  33 => 'Symfony\\Bundle\\FrameworkBundle\\Controller\\ControllerResolver',
  34 => 'Symfony\\Bundle\\FrameworkBundle\\Controller\\RedirectController',
  35 => 'Symfony\\Bundle\\FrameworkBundle\\Controller\\TemplateController',
  36 => 'Symfony\\Bundle\\WebProfilerBundle\\Controller\\ExceptionPanelController',
  37 => 'Symfony\\Bundle\\WebProfilerBundle\\Controller\\ProfilerController',
  38 => 'Symfony\\Bundle\\WebProfilerBundle\\Controller\\RouterController',
  39 => 'Symfony\\Component\\HttpKernel\\Controller\\ArgumentResolver',
  40 => 'Symfony\\Component\\HttpKernel\\Controller\\ArgumentResolverInterface',
  41 => 'Symfony\\Component\\HttpKernel\\Controller\\ArgumentResolver\\BackedEnumValueResolver',
  42 => 'Symfony\\Component\\HttpKernel\\Controller\\ArgumentResolver\\DateTimeValueResolver',
  43 => 'Symfony\\Component\\HttpKernel\\Controller\\ArgumentResolver\\DefaultValueResolver',
  44 => 'Symfony\\Component\\HttpKernel\\Controller\\ArgumentResolver\\NotTaggedControllerValueResolver',
  45 => 'Symfony\\Component\\HttpKernel\\Controller\\ArgumentResolver\\QueryParameterValueResolver',
  46 => 'Symfony\\Component\\HttpKernel\\Controller\\ArgumentResolver\\RequestAttributeValueResolver',
  47 => 'Symfony\\Component\\HttpKernel\\Controller\\ArgumentResolver\\RequestPayloadValueResolver',
  48 => 'Symfony\\Component\\HttpKernel\\Controller\\ArgumentResolver\\RequestValueResolver',
  49 => 'Symfony\\Component\\HttpKernel\\Controller\\ArgumentResolver\\ServiceValueResolver',
  50 => 'Symfony\\Component\\HttpKernel\\Controller\\ArgumentResolver\\SessionValueResolver',
  51 => 'Symfony\\Component\\HttpKernel\\Controller\\ArgumentResolver\\TraceableValueResolver',
  52 => 'Symfony\\Component\\HttpKernel\\Controller\\ArgumentResolver\\UidValueResolver',
  53 => 'Symfony\\Component\\HttpKernel\\Controller\\ArgumentResolver\\VariadicValueResolver',
  54 => 'Symfony\\Component\\HttpKernel\\Controller\\ArgumentValueResolverInterface',
  55 => 'Symfony\\Component\\HttpKernel\\Controller\\ContainerControllerResolver',
  56 => 'Symfony\\Component\\HttpKernel\\Controller\\ControllerReference',
  57 => 'Symfony\\Component\\HttpKernel\\Controller\\ControllerResolver',
  58 => 'Symfony\\Component\\HttpKernel\\Controller\\ControllerResolverInterface',
  59 => 'Symfony\\Component\\HttpKernel\\Controller\\ErrorController',
  60 => 'Symfony\\Component\\HttpKernel\\Controller\\TraceableArgumentResolver',
  61 => 'Symfony\\Component\\HttpKernel\\Controller\\TraceableControllerResolver',
  62 => 'Symfony\\Component\\HttpKernel\\Controller\\ValueResolverInterface',
  63 => 'Symfony\\Component\\Security\\Http\\Controller\\SecurityTokenValueResolver',
  64 => 'Symfony\\Component\\Security\\Http\\Controller\\UserValueResolver',
);